../Core/Engine/Src/sfra_engine.c:39:6:SFRA_Run	8	static
../Core/Engine/Src/sfra_engine.c:75:13:SFRA_StateInit_Handler	8	static
../Core/Engine/Src/sfra_engine.c:86:13:SFRA_StateFadeIn_Handler	8	static
../Core/Engine/Src/sfra_engine.c:96:13:SFRA_StateSettling_Handler	8	static
../Core/Engine/Src/sfra_engine.c:113:13:SFRA_StateMeasuring_Handler	4	static
../Core/Engine/Src/sfra_engine.c:124:13:SFRA_StateCalculate_Handler	48	static
../Core/Engine/Src/sfra_engine.c:154:13:SFRA_StateFadeOut_Handler	8	static
../Core/Engine/Src/sfra_engine.c:166:13:SFRA_StateNextFreq_Handler	8	static
../Core/Engine/Src/sfra_engine.c:187:13:SFRA_StateDone_Handler	8	static
../Core/Engine/Src/sfra_engine.c:199:6:SFRA_Init	8	static
../Core/Engine/Src/sfra_engine.c:209:6:SFRA_GenerateFrequencyTable	24	static
