../Core/Engine/Src/sfra_engine.c:38:6:SFRA_Run	8	static
../Core/Engine/Src/sfra_engine.c:74:13:SFRA_StateInit_Handler	8	static
../Core/Engine/Src/sfra_engine.c:85:13:SFRA_StateFadeIn_Handler	8	static
../Core/Engine/Src/sfra_engine.c:95:13:SFRA_StateSettling_Handler	8	static
../Core/Engine/Src/sfra_engine.c:112:13:SFRA_StateMeasuring_Handler	4	static
../Core/Engine/Src/sfra_engine.c:123:13:SFRA_StateCalculate_Handler	48	static
../Core/Engine/Src/sfra_engine.c:153:13:SFRA_StateFadeOut_Handler	8	static
../Core/Engine/Src/sfra_engine.c:165:13:SFRA_StateNextFreq_Handler	8	static
../Core/Engine/Src/sfra_engine.c:186:13:SFRA_StateDone_Handler	8	static
../Core/Engine/Src/sfra_engine.c:198:6:SFRA_Init	8	static
../Core/Engine/Src/sfra_engine.c:208:6:SFRA_GenerateFrequencyTable	24	static
