../Drivers/STM32G4xx_HAL_Driver/Src/stm32g4xx_hal_hrtim.c:551:19:HAL_HRTIM_Init	32	static
../Drivers/STM32G4xx_HAL_Driver/Src/stm32g4xx_hal_hrtim.c:696:19:HAL_HRTIM_DeInit	16	static
../Drivers/STM32G4xx_HAL_Driver/Src/stm32g4xx_hal_hrtim.c:732:13:HAL_HRTIM_MspInit	16	static
../Drivers/STM32G4xx_HAL_Driver/Src/stm32g4xx_hal_hrtim.c:747:13:HAL_HRTIM_MspDeInit	16	static
../Drivers/STM32G4xx_HAL_Driver/Src/stm32g4xx_hal_hrtim.c:772:19:HAL_HRTIM_DLLCalibrationStart	16	static
../Drivers/STM32G4xx_HAL_Driver/Src/stm32g4xx_hal_hrtim.c:822:19:HAL_HRTIM_DLLCalibrationStart_IT	16	static
../Drivers/STM32G4xx_HAL_Driver/Src/stm32g4xx_hal_hrtim.c:863:19:HAL_HRTIM_PollForDLLCalibration	24	static
../Drivers/STM32G4xx_HAL_Driver/Src/stm32g4xx_hal_hrtim.c:913:19:HAL_HRTIM_TimeBaseConfig	24	static
../Drivers/STM32G4xx_HAL_Driver/Src/stm32g4xx_hal_hrtim.c:985:19:HAL_HRTIM_SimpleBaseStart	16	static
../Drivers/STM32G4xx_HAL_Driver/Src/stm32g4xx_hal_hrtim.c:1021:19:HAL_HRTIM_SimpleBaseStop	16	static
../Drivers/STM32G4xx_HAL_Driver/Src/stm32g4xx_hal_hrtim.c:1058:19:HAL_HRTIM_SimpleBaseStart_IT	16	static
../Drivers/STM32G4xx_HAL_Driver/Src/stm32g4xx_hal_hrtim.c:1105:19:HAL_HRTIM_SimpleBaseStop_IT	16	static
../Drivers/STM32G4xx_HAL_Driver/Src/stm32g4xx_hal_hrtim.c:1155:19:HAL_HRTIM_SimpleBaseStart_DMA	32	static
../Drivers/STM32G4xx_HAL_Driver/Src/stm32g4xx_hal_hrtim.c:1258:19:HAL_HRTIM_SimpleBaseStop_DMA	24	static
../Drivers/STM32G4xx_HAL_Driver/Src/stm32g4xx_hal_hrtim.c:1383:19:HAL_HRTIM_SimpleOCChannelConfig	64	static
../Drivers/STM32G4xx_HAL_Driver/Src/stm32g4xx_hal_hrtim.c:1562:19:HAL_HRTIM_SimpleOCStart	24	static
../Drivers/STM32G4xx_HAL_Driver/Src/stm32g4xx_hal_hrtim.c:1615:19:HAL_HRTIM_SimpleOCStop	24	static
../Drivers/STM32G4xx_HAL_Driver/Src/stm32g4xx_hal_hrtim.c:1673:19:HAL_HRTIM_SimpleOCStart_IT	32	static
../Drivers/STM32G4xx_HAL_Driver/Src/stm32g4xx_hal_hrtim.c:1735:19:HAL_HRTIM_SimpleOCStop_IT	32	static
../Drivers/STM32G4xx_HAL_Driver/Src/stm32g4xx_hal_hrtim.c:1805:19:HAL_HRTIM_SimpleOCStart_DMA	32	static
../Drivers/STM32G4xx_HAL_Driver/Src/stm32g4xx_hal_hrtim.c:1915:19:HAL_HRTIM_SimpleOCStop_DMA	32	static
../Drivers/STM32G4xx_HAL_Driver/Src/stm32g4xx_hal_hrtim.c:2026:19:HAL_HRTIM_SimplePWMChannelConfig	64	static
../Drivers/STM32G4xx_HAL_Driver/Src/stm32g4xx_hal_hrtim.c:2149:19:HAL_HRTIM_SimplePWMStart	24	static
../Drivers/STM32G4xx_HAL_Driver/Src/stm32g4xx_hal_hrtim.c:2202:19:HAL_HRTIM_SimplePWMStop	24	static
../Drivers/STM32G4xx_HAL_Driver/Src/stm32g4xx_hal_hrtim.c:2256:19:HAL_HRTIM_SimplePWMStart_IT	24	static
../Drivers/STM32G4xx_HAL_Driver/Src/stm32g4xx_hal_hrtim.c:2351:19:HAL_HRTIM_SimplePWMStop_IT	24	static
../Drivers/STM32G4xx_HAL_Driver/Src/stm32g4xx_hal_hrtim.c:2450:19:HAL_HRTIM_SimplePWMStart_DMA	32	static
../Drivers/STM32G4xx_HAL_Driver/Src/stm32g4xx_hal_hrtim.c:2594:19:HAL_HRTIM_SimplePWMStop_DMA	24	static
../Drivers/STM32G4xx_HAL_Driver/Src/stm32g4xx_hal_hrtim.c:2721:19:HAL_HRTIM_SimpleCaptureChannelConfig	48	static
../Drivers/STM32G4xx_HAL_Driver/Src/stm32g4xx_hal_hrtim.c:2793:19:HAL_HRTIM_SimpleCaptureStart	24	static
../Drivers/STM32G4xx_HAL_Driver/Src/stm32g4xx_hal_hrtim.c:2865:19:HAL_HRTIM_SimpleCaptureStop	32	static
../Drivers/STM32G4xx_HAL_Driver/Src/stm32g4xx_hal_hrtim.c:2948:19:HAL_HRTIM_SimpleCaptureStart_IT	24	static
../Drivers/STM32G4xx_HAL_Driver/Src/stm32g4xx_hal_hrtim.c:3027:19:HAL_HRTIM_SimpleCaptureStop_IT	32	static
../Drivers/STM32G4xx_HAL_Driver/Src/stm32g4xx_hal_hrtim.c:3121:19:HAL_HRTIM_SimpleCaptureStart_DMA	32	static
../Drivers/STM32G4xx_HAL_Driver/Src/stm32g4xx_hal_hrtim.c:3235:19:HAL_HRTIM_SimpleCaptureStop_DMA	32	static
../Drivers/STM32G4xx_HAL_Driver/Src/stm32g4xx_hal_hrtim.c:3385:19:HAL_HRTIM_SimpleOnePulseChannelConfig	80	static
../Drivers/STM32G4xx_HAL_Driver/Src/stm32g4xx_hal_hrtim.c:3526:19:HAL_HRTIM_SimpleOnePulseStart	24	static
../Drivers/STM32G4xx_HAL_Driver/Src/stm32g4xx_hal_hrtim.c:3579:19:HAL_HRTIM_SimpleOnePulseStop	24	static
../Drivers/STM32G4xx_HAL_Driver/Src/stm32g4xx_hal_hrtim.c:3633:19:HAL_HRTIM_SimpleOnePulseStart_IT	24	static
../Drivers/STM32G4xx_HAL_Driver/Src/stm32g4xx_hal_hrtim.c:3728:19:HAL_HRTIM_SimpleOnePulseStop_IT	24	static
../Drivers/STM32G4xx_HAL_Driver/Src/stm32g4xx_hal_hrtim.c:3827:19:HAL_HRTIM_BurstModeConfig	24	static
../Drivers/STM32G4xx_HAL_Driver/Src/stm32g4xx_hal_hrtim.c:3907:19:HAL_HRTIM_EventConfig	24	static
../Drivers/STM32G4xx_HAL_Driver/Src/stm32g4xx_hal_hrtim.c:3952:19:HAL_HRTIM_EventPrescalerConfig	16	static
../Drivers/STM32G4xx_HAL_Driver/Src/stm32g4xx_hal_hrtim.c:3995:19:HAL_HRTIM_FaultConfig	40	static
../Drivers/STM32G4xx_HAL_Driver/Src/stm32g4xx_hal_hrtim.c:4146:19:HAL_HRTIM_FaultPrescalerConfig	16	static
../Drivers/STM32G4xx_HAL_Driver/Src/stm32g4xx_hal_hrtim.c:4189:19:HAL_HRTIM_FaultBlankingConfigAndEnable	24	static
../Drivers/STM32G4xx_HAL_Driver/Src/stm32g4xx_hal_hrtim.c:4300:19:HAL_HRTIM_FaultCounterConfig	24	static
../Drivers/STM32G4xx_HAL_Driver/Src/stm32g4xx_hal_hrtim.c:4407:19:HAL_HRTIM_FaultCounterReset	16	static
../Drivers/STM32G4xx_HAL_Driver/Src/stm32g4xx_hal_hrtim.c:4497:6:HAL_HRTIM_FaultModeCtl	24	static
../Drivers/STM32G4xx_HAL_Driver/Src/stm32g4xx_hal_hrtim.c:4559:19:HAL_HRTIM_ADCTriggerConfig	32	static
../Drivers/STM32G4xx_HAL_Driver/Src/stm32g4xx_hal_hrtim.c:4746:19:HAL_HRTIM_ADCPostScalerConfig	24	static
../Drivers/STM32G4xx_HAL_Driver/Src/stm32g4xx_hal_hrtim.c:4869:19:HAL_HRTIM_RollOverModeConfig	24	static
../Drivers/STM32G4xx_HAL_Driver/Src/stm32g4xx_hal_hrtim.c:4958:19:HAL_HRTIM_WaveformTimerConfig	24	static
../Drivers/STM32G4xx_HAL_Driver/Src/stm32g4xx_hal_hrtim.c:5062:19:HAL_HRTIM_WaveformTimerControl	24	static
../Drivers/STM32G4xx_HAL_Driver/Src/stm32g4xx_hal_hrtim.c:5115:19:HAL_HRTIM_TimerDualChannelDacConfig	24	static
../Drivers/STM32G4xx_HAL_Driver/Src/stm32g4xx_hal_hrtim.c:5181:19:HAL_HRTIM_TimerEventFilteringConfig	24	static
../Drivers/STM32G4xx_HAL_Driver/Src/stm32g4xx_hal_hrtim.c:5327:19:HAL_HRTIM_ExtEventCounterConfig	32	static
../Drivers/STM32G4xx_HAL_Driver/Src/stm32g4xx_hal_hrtim.c:5416:19:HAL_HRTIM_ExtEventCounterEnable	24	static
../Drivers/STM32G4xx_HAL_Driver/Src/stm32g4xx_hal_hrtim.c:5468:19:HAL_HRTIM_ExtEventCounterDisable	24	static
../Drivers/STM32G4xx_HAL_Driver/Src/stm32g4xx_hal_hrtim.c:5522:19:HAL_HRTIM_ExtEventCounterReset	24	static
../Drivers/STM32G4xx_HAL_Driver/Src/stm32g4xx_hal_hrtim.c:5572:19:HAL_HRTIM_DeadTimeConfig	32	static
../Drivers/STM32G4xx_HAL_Driver/Src/stm32g4xx_hal_hrtim.c:5638:19:HAL_HRTIM_ChopperModeConfig	32	static
../Drivers/STM32G4xx_HAL_Driver/Src/stm32g4xx_hal_hrtim.c:5716:19:HAL_HRTIM_BurstDMAConfig	24	static
../Drivers/STM32G4xx_HAL_Driver/Src/stm32g4xx_hal_hrtim.c:5830:19:HAL_HRTIM_WaveformCompareConfig	24	static
../Drivers/STM32G4xx_HAL_Driver/Src/stm32g4xx_hal_hrtim.c:6032:19:HAL_HRTIM_WaveformCaptureConfig	32	static
../Drivers/STM32G4xx_HAL_Driver/Src/stm32g4xx_hal_hrtim.c:6141:19:HAL_HRTIM_WaveformOutputConfig	24	static
../Drivers/STM32G4xx_HAL_Driver/Src/stm32g4xx_hal_hrtim.c:6212:19:HAL_HRTIM_WaveformSetOutputLevel	24	static
../Drivers/STM32G4xx_HAL_Driver/Src/stm32g4xx_hal_hrtim.c:6318:19:HAL_HRTIM_WaveformOutputStart	16	static
../Drivers/STM32G4xx_HAL_Driver/Src/stm32g4xx_hal_hrtim.c:6360:19:HAL_HRTIM_WaveformOutputStop	16	static
../Drivers/STM32G4xx_HAL_Driver/Src/stm32g4xx_hal_hrtim.c:6397:19:HAL_HRTIM_WaveformCountStart	16	static
../Drivers/STM32G4xx_HAL_Driver/Src/stm32g4xx_hal_hrtim.c:6435:19:HAL_HRTIM_WaveformCountStop	16	static
../Drivers/STM32G4xx_HAL_Driver/Src/stm32g4xx_hal_hrtim.c:6476:19:HAL_HRTIM_WaveformCountStart_IT	24	static
../Drivers/STM32G4xx_HAL_Driver/Src/stm32g4xx_hal_hrtim.c:6540:19:HAL_HRTIM_WaveformCountStop_IT	24	static
../Drivers/STM32G4xx_HAL_Driver/Src/stm32g4xx_hal_hrtim.c:6613:19:HAL_HRTIM_WaveformCountStart_DMA	32	static
../Drivers/STM32G4xx_HAL_Driver/Src/stm32g4xx_hal_hrtim.c:6735:19:HAL_HRTIM_WaveformCountStop_DMA	24	static
../Drivers/STM32G4xx_HAL_Driver/Src/stm32g4xx_hal_hrtim.c:6810:19:HAL_HRTIM_BurstModeCtl	16	static
../Drivers/STM32G4xx_HAL_Driver/Src/stm32g4xx_hal_hrtim.c:6842:19:HAL_HRTIM_BurstModeSoftwareTrigger	16	static
../Drivers/STM32G4xx_HAL_Driver/Src/stm32g4xx_hal_hrtim.c:6884:19:HAL_HRTIM_SoftwareCapture	24	static
../Drivers/STM32G4xx_HAL_Driver/Src/stm32g4xx_hal_hrtim.c:6957:19:HAL_HRTIM_SoftwareUpdate	16	static
../Drivers/STM32G4xx_HAL_Driver/Src/stm32g4xx_hal_hrtim.c:6998:19:HAL_HRTIM_SwapTimerOutput	16	static
../Drivers/STM32G4xx_HAL_Driver/Src/stm32g4xx_hal_hrtim.c:7041:19:HAL_HRTIM_SoftwareReset	16	static
../Drivers/STM32G4xx_HAL_Driver/Src/stm32g4xx_hal_hrtim.c:7081:19:HAL_HRTIM_OutputSwapEnable	16	static
../Drivers/STM32G4xx_HAL_Driver/Src/stm32g4xx_hal_hrtim.c:7121:19:HAL_HRTIM_OutputSwapDisable	16	static
../Drivers/STM32G4xx_HAL_Driver/Src/stm32g4xx_hal_hrtim.c:7174:19:HAL_HRTIM_BurstDMATransfer	32	static
../Drivers/STM32G4xx_HAL_Driver/Src/stm32g4xx_hal_hrtim.c:7259:19:HAL_HRTIM_UpdateEnable	16	static
../Drivers/STM32G4xx_HAL_Driver/Src/stm32g4xx_hal_hrtim.c:7296:19:HAL_HRTIM_UpdateDisable	16	static
../Drivers/STM32G4xx_HAL_Driver/Src/stm32g4xx_hal_hrtim.c:7348:24:HAL_HRTIM_GetState	16	static
../Drivers/STM32G4xx_HAL_Driver/Src/stm32g4xx_hal_hrtim.c:7371:10:HAL_HRTIM_GetCapturedValue	32	static
../Drivers/STM32G4xx_HAL_Driver/Src/stm32g4xx_hal_hrtim.c:7424:27:HAL_HRTIM_GetCaptured	40	static
../Drivers/STM32G4xx_HAL_Driver/Src/stm32g4xx_hal_hrtim.c:7477:10:HAL_HRTIM_GetCapturedDir	32	static
../Drivers/STM32G4xx_HAL_Driver/Src/stm32g4xx_hal_hrtim.c:7534:10:HAL_HRTIM_WaveformGetOutputLevel	32	static
../Drivers/STM32G4xx_HAL_Driver/Src/stm32g4xx_hal_hrtim.c:7619:10:HAL_HRTIM_WaveformGetOutputState	32	static
../Drivers/STM32G4xx_HAL_Driver/Src/stm32g4xx_hal_hrtim.c:7764:10:HAL_HRTIM_GetDelayedProtectionStatus	32	static
../Drivers/STM32G4xx_HAL_Driver/Src/stm32g4xx_hal_hrtim.c:7831:10:HAL_HRTIM_GetBurstStatus	24	static
../Drivers/STM32G4xx_HAL_Driver/Src/stm32g4xx_hal_hrtim.c:7855:10:HAL_HRTIM_GetCurrentPushPullStatus	24	static
../Drivers/STM32G4xx_HAL_Driver/Src/stm32g4xx_hal_hrtim.c:7884:10:HAL_HRTIM_GetIdlePushPullStatus	24	static
../Drivers/STM32G4xx_HAL_Driver/Src/stm32g4xx_hal_hrtim.c:7972:6:HAL_HRTIM_IRQHandler	16	static
../Drivers/STM32G4xx_HAL_Driver/Src/stm32g4xx_hal_hrtim.c:7998:13:HAL_HRTIM_Fault1Callback	16	static
../Drivers/STM32G4xx_HAL_Driver/Src/stm32g4xx_hal_hrtim.c:8013:13:HAL_HRTIM_Fault2Callback	16	static
../Drivers/STM32G4xx_HAL_Driver/Src/stm32g4xx_hal_hrtim.c:8028:13:HAL_HRTIM_Fault3Callback	16	static
../Drivers/STM32G4xx_HAL_Driver/Src/stm32g4xx_hal_hrtim.c:8043:13:HAL_HRTIM_Fault4Callback	16	static
../Drivers/STM32G4xx_HAL_Driver/Src/stm32g4xx_hal_hrtim.c:8058:13:HAL_HRTIM_Fault5Callback	16	static
../Drivers/STM32G4xx_HAL_Driver/Src/stm32g4xx_hal_hrtim.c:8073:13:HAL_HRTIM_Fault6Callback	16	static
../Drivers/STM32G4xx_HAL_Driver/Src/stm32g4xx_hal_hrtim.c:8088:13:HAL_HRTIM_SystemFaultCallback	16	static
../Drivers/STM32G4xx_HAL_Driver/Src/stm32g4xx_hal_hrtim.c:8103:13:HAL_HRTIM_DLLCalibrationReadyCallback	16	static
../Drivers/STM32G4xx_HAL_Driver/Src/stm32g4xx_hal_hrtim.c:8118:13:HAL_HRTIM_BurstModePeriodCallback	16	static
../Drivers/STM32G4xx_HAL_Driver/Src/stm32g4xx_hal_hrtim.c:8133:13:HAL_HRTIM_SynchronizationEventCallback	16	static
../Drivers/STM32G4xx_HAL_Driver/Src/stm32g4xx_hal_hrtim.c:8157:13:HAL_HRTIM_RegistersUpdateCallback	16	static
../Drivers/STM32G4xx_HAL_Driver/Src/stm32g4xx_hal_hrtim.c:8183:13:HAL_HRTIM_RepetitionEventCallback	16	static
../Drivers/STM32G4xx_HAL_Driver/Src/stm32g4xx_hal_hrtim.c:8210:13:HAL_HRTIM_Compare1EventCallback	16	static
../Drivers/STM32G4xx_HAL_Driver/Src/stm32g4xx_hal_hrtim.c:8237:13:HAL_HRTIM_Compare2EventCallback	16	static
../Drivers/STM32G4xx_HAL_Driver/Src/stm32g4xx_hal_hrtim.c:8264:13:HAL_HRTIM_Compare3EventCallback	16	static
../Drivers/STM32G4xx_HAL_Driver/Src/stm32g4xx_hal_hrtim.c:8291:13:HAL_HRTIM_Compare4EventCallback	16	static
../Drivers/STM32G4xx_HAL_Driver/Src/stm32g4xx_hal_hrtim.c:8316:13:HAL_HRTIM_Capture1EventCallback	16	static
../Drivers/STM32G4xx_HAL_Driver/Src/stm32g4xx_hal_hrtim.c:8341:13:HAL_HRTIM_Capture2EventCallback	16	static
../Drivers/STM32G4xx_HAL_Driver/Src/stm32g4xx_hal_hrtim.c:8367:13:HAL_HRTIM_DelayedProtectionCallback	16	static
../Drivers/STM32G4xx_HAL_Driver/Src/stm32g4xx_hal_hrtim.c:8393:13:HAL_HRTIM_CounterResetCallback	16	static
../Drivers/STM32G4xx_HAL_Driver/Src/stm32g4xx_hal_hrtim.c:8418:13:HAL_HRTIM_Output1SetCallback	16	static
../Drivers/STM32G4xx_HAL_Driver/Src/stm32g4xx_hal_hrtim.c:8443:13:HAL_HRTIM_Output1ResetCallback	16	static
../Drivers/STM32G4xx_HAL_Driver/Src/stm32g4xx_hal_hrtim.c:8468:13:HAL_HRTIM_Output2SetCallback	16	static
../Drivers/STM32G4xx_HAL_Driver/Src/stm32g4xx_hal_hrtim.c:8493:13:HAL_HRTIM_Output2ResetCallback	16	static
../Drivers/STM32G4xx_HAL_Driver/Src/stm32g4xx_hal_hrtim.c:8519:13:HAL_HRTIM_BurstDMATransferCallback	16	static
../Drivers/STM32G4xx_HAL_Driver/Src/stm32g4xx_hal_hrtim.c:8536:13:HAL_HRTIM_ErrorCallback	16	static
../Drivers/STM32G4xx_HAL_Driver/Src/stm32g4xx_hal_hrtim.c:9079:13:HRTIM_MasterBase_Config	24	static
../Drivers/STM32G4xx_HAL_Driver/Src/stm32g4xx_hal_hrtim.c:9108:13:HRTIM_TimingUnitBase_Config	32	static
../Drivers/STM32G4xx_HAL_Driver/Src/stm32g4xx_hal_hrtim.c:9137:13:HRTIM_MasterWaveform_Config	24	static
../Drivers/STM32G4xx_HAL_Driver/Src/stm32g4xx_hal_hrtim.c:9216:14:HRTIM_TimingUnitWaveform_Config	48	static
../Drivers/STM32G4xx_HAL_Driver/Src/stm32g4xx_hal_hrtim.c:9400:13:HRTIM_TimingUnitWaveform_Control	32	static
../Drivers/STM32G4xx_HAL_Driver/Src/stm32g4xx_hal_hrtim.c:9451:14:HRTIM_TimingUnitRollOver_Config	32	static
../Drivers/STM32G4xx_HAL_Driver/Src/stm32g4xx_hal_hrtim.c:9482:13:HRTIM_CaptureUnitConfig	32	static
../Drivers/STM32G4xx_HAL_Driver/Src/stm32g4xx_hal_hrtim.c:9582:14:HRTIM_OutputConfig	40	static
../Drivers/STM32G4xx_HAL_Driver/Src/stm32g4xx_hal_hrtim.c:9675:13:HRTIM_EventConfig	40	static
../Drivers/STM32G4xx_HAL_Driver/Src/stm32g4xx_hal_hrtim.c:9851:13:HRTIM_TIM_ResetConfig	24	static
../Drivers/STM32G4xx_HAL_Driver/Src/stm32g4xx_hal_hrtim.c:9943:17:HRTIM_GetITFromOCMode	40	static
../Drivers/STM32G4xx_HAL_Driver/Src/stm32g4xx_hal_hrtim.c:10053:17:HRTIM_GetDMAFromOCMode	40	static
../Drivers/STM32G4xx_HAL_Driver/Src/stm32g4xx_hal_hrtim.c:10142:27:HRTIM_GetDMAHandleFromTimerIdx	24	static
../Drivers/STM32G4xx_HAL_Driver/Src/stm32g4xx_hal_hrtim.c:10198:17:GetTimerIdxFromDMAHandle	24	static
../Drivers/STM32G4xx_HAL_Driver/Src/stm32g4xx_hal_hrtim.c:10245:13:HRTIM_ForceRegistersUpdate	16	static
../Drivers/STM32G4xx_HAL_Driver/Src/stm32g4xx_hal_hrtim.c:10303:13:HRTIM_HRTIM_ISR	24	static
../Drivers/STM32G4xx_HAL_Driver/Src/stm32g4xx_hal_hrtim.c:10426:13:HRTIM_Master_ISR	32	static
../Drivers/STM32G4xx_HAL_Driver/Src/stm32g4xx_hal_hrtim.c:10597:13:HRTIM_Timer_ISR	24	static
../Drivers/STM32G4xx_HAL_Driver/Src/stm32g4xx_hal_hrtim.c:10833:13:HRTIM_DMAMasterCplt	24	static
../Drivers/STM32G4xx_HAL_Driver/Src/stm32g4xx_hal_hrtim.c:10904:13:HRTIM_DMATimerxCplt	24	static
../Drivers/STM32G4xx_HAL_Driver/Src/stm32g4xx_hal_hrtim.c:11037:13:HRTIM_DMAError	24	static
../Drivers/STM32G4xx_HAL_Driver/Src/stm32g4xx_hal_hrtim.c:11053:13:HRTIM_BurstDMACplt	24	static
