../Core/Strategies/Src/plant_strategy.c:39:6:PlantStrategy_ISR	8	static
../Core/Strategies/Src/plant_strategy.c:44:6:Plant_Run	8	static
../Core/Strategies/Src/plant_strategy.c:86:13:Plant_StatePeriphInit_Handler	8	static
../Core/Strategies/Src/plant_strategy.c:102:13:Plant_StateCheckSignals_Handler	4	static
../Core/Strategies/Src/plant_strategy.c:126:13:Plant_StateRampUp_Handler	4	static
../Core/Strategies/Src/plant_strategy.c:130:13:Plant_StateVerifyDcop_Handler	4	static
../Core/Strategies/Src/plant_strategy.c:134:13:Plant_StateSfraInit_Handler	4	static
../Core/Strategies/Src/plant_strategy.c:138:13:Plant_StateSweep_Handler	4	static
../Core/Strategies/Src/plant_strategy.c:142:13:Plant_StateRampDown_Handler	4	static
../Core/Strategies/Src/plant_strategy.c:146:13:Plant_StateDone_Handler	4	static
../Core/Strategies/Src/plant_strategy.c:150:13:Plant_StateFault	4	static
