../Core/Strategies/Src/plant_strategy.c:40:6:PlantStrategy_ISR	8	static
../Core/Strategies/Src/plant_strategy.c:45:6:Plant_Run	8	static
../Core/Strategies/Src/plant_strategy.c:87:13:Plant_StatePeriphInit_Handler	8	static
../Core/Strategies/Src/plant_strategy.c:108:13:Plant_StateCheckSignals_Handler	8	static
../Core/Strategies/Src/plant_strategy.c:135:13:Plant_StateRampUp_Handler	8	static
../Core/Strategies/Src/plant_strategy.c:165:13:Plant_StateVerifyDcop_Handler	4	static
../Core/Strategies/Src/plant_strategy.c:169:13:Plant_StateSfraInit_Handler	4	static
../Core/Strategies/Src/plant_strategy.c:173:13:Plant_StateSweep_Handler	4	static
../Core/Strategies/Src/plant_strategy.c:177:13:Plant_StateRampDown_Handler	4	static
../Core/Strategies/Src/plant_strategy.c:181:13:Plant_StateDone_Handler	4	static
../Core/Strategies/Src/plant_strategy.c:185:13:Plant_StateFault_Handler	8	static
../Core/Strategies/Src/plant_strategy.c:192:13:Plant_SetPWMDuty	16	static
